09:39:14 INFO 根据电影ID和影院ID查询电影排期列表 test_xdgp.py 50
09:39:14 INFO 查询推荐影院信息 test_xdgp.py 64
